// Jest Snapshot v1, https://goo.gl/fbAQLP

exports[`App Component should render the component 1`] = `
<div>
  <h2
    id="heading"
  >
    Premier League Teams
  </h2>
  <List />
</div>
`;
